// Jest Snapshot v1, https://goo.gl/fbAQLP

exports[`AboutPage matches snapshot 1`] = `
<div>
  <div
    class="sc-bRKDuR fyqweN"
  >
    <h1
      class="sc-hvigdm cRlwMG"
    >
      Про нас
    </h1>
    <p
      class="sc-fhHczv iKzgOf"
    >
      Ласкаво просимо до нашого каталогу ноутбуків! Ми пропонуємо широкий вибір сучасних ноутбуків від провідних виробників. Наше завдання — допомогти вам знайти найкращий пристрій, який відповідає вашим потребам.
    </p>
    <p
      class="sc-fhHczv iKzgOf"
    >
      Ми цінуємо якість, комфорт та зручність покупок. Якщо у вас є питання, звертайтесь до нашої служби підтримки.
    </p>
  </div>
</div>
`;
